// Jest Snapshot v1, https://jestjs.io/docs/snapshot-testing

exports[`disallowed-files 1`] = `
"ERROR: my-lib.spec.js is not allowed in tarball (no-disallowed-files) at tests/fixtures/disallowed-files/disallowed-files-1.0.0.tgz
"
`;

exports[`empty-fields 1`] = `
"ERROR: "description" must not be empty (package-json-fields) at tests/fixtures/empty-fields/package.json
  2 |   "name": "empty-fields",
  3 |   "version": "1.0.0",
> 4 |   "description": "",
    |                  ^
  5 |   "keywords": [],
  6 |   "homepage": "",
  7 |   "bugs": "",

ERROR: "keywords" must not be empty (package-json-fields) at tests/fixtures/empty-fields/package.json
  3 |   "version": "1.0.0",
  4 |   "description": "",
> 5 |   "keywords": [],
    |               ^
  6 |   "homepage": "",
  7 |   "bugs": "",
  8 |   "repository": {},

ERROR: "homepage" must be a valid url (https only) (package-json-fields) at tests/fixtures/empty-fields/package.json
  4 |   "description": "",
  5 |   "keywords": [],
> 6 |   "homepage": "",
    |               ^
  7 |   "bugs": "",
  8 |   "repository": {},
  9 |   "license": "",

ERROR: "bugs" must be a valid url (https only) (package-json-fields) at tests/fixtures/empty-fields/package.json
   5 |   "keywords": [],
   6 |   "homepage": "",
>  7 |   "bugs": "",
     |           ^
   8 |   "repository": {},
   9 |   "license": "",
  10 |   "author": "",

ERROR: "license" must not be empty (package-json-fields) at tests/fixtures/empty-fields/package.json
   7 |   "bugs": "",
   8 |   "repository": {},
>  9 |   "license": "",
     |              ^
  10 |   "author": "",
  11 |   "main": "",
  12 |   "files": [],

ERROR: "author" must not be empty (package-json-fields) at tests/fixtures/empty-fields/package.json
   8 |   "repository": {},
   9 |   "license": "",
> 10 |   "author": "",
     |             ^
  11 |   "main": "",
  12 |   "files": [],
  13 |   "engines": {

ERROR: "repository" is missing required "type" property (package-json-fields) at tests/fixtures/empty-fields/package.json
   6 |   "homepage": "",
   7 |   "bugs": "",
>  8 |   "repository": {},
     |                 ^
   9 |   "license": "",
  10 |   "author": "",
  11 |   "main": "","
`;

exports[`missing-binary 1`] = `
"ERROR: bin.js (pkg.bin) is not present in tarball (no-missing-binary) at tests/fixtures/missing-binary/missing-binary-1.0.0.tgz
"
`;

exports[`missing-fields 1`] = `
"ERROR: "description" must be set (package-json-fields) at tests/fixtures/missing-fields/package.json
> 1 | {
    | ^
  2 |   "name": "missing-fields",
  3 |   "version": "1.0.0",
  4 |   "files": [],

ERROR: "keywords" must be set (package-json-fields) at tests/fixtures/missing-fields/package.json
> 1 | {
    | ^
  2 |   "name": "missing-fields",
  3 |   "version": "1.0.0",
  4 |   "files": [],

ERROR: "homepage" must be set (package-json-fields) at tests/fixtures/missing-fields/package.json
> 1 | {
    | ^
  2 |   "name": "missing-fields",
  3 |   "version": "1.0.0",
  4 |   "files": [],

ERROR: "bugs" must be set (package-json-fields) at tests/fixtures/missing-fields/package.json
> 1 | {
    | ^
  2 |   "name": "missing-fields",
  3 |   "version": "1.0.0",
  4 |   "files": [],

ERROR: "license" must be set (package-json-fields) at tests/fixtures/missing-fields/package.json
> 1 | {
    | ^
  2 |   "name": "missing-fields",
  3 |   "version": "1.0.0",
  4 |   "files": [],

ERROR: "author" must be set (package-json-fields) at tests/fixtures/missing-fields/package.json
> 1 | {
    | ^
  2 |   "name": "missing-fields",
  3 |   "version": "1.0.0",
  4 |   "files": [],

ERROR: "repository" must be set (package-json-fields) at tests/fixtures/missing-fields/package.json
> 1 | {
    | ^
  2 |   "name": "missing-fields",
  3 |   "version": "1.0.0",
  4 |   "files": [],"
`;

exports[`missing-main 1`] = `
"ERROR: index.js (pkg.main) is not present in tarball (no-missing-main) at tests/fixtures/missing-main/missing-main-1.0.0.tgz
"
`;
