// Jest Snapshot v1, https://goo.gl/fbAQLP

exports[`fields author should return error if empty object 1`] = `
[
  {
    "column": 1,
    "line": 1,
    "message": ""author" must not be empty",
    "ruleId": "package-json-fields",
    "severity": 2,
  },
]
`;

exports[`fields author should return error if empty string 1`] = `
[
  {
    "column": 1,
    "line": 1,
    "message": ""author" must not be empty",
    "ruleId": "package-json-fields",
    "severity": 2,
  },
]
`;

exports[`fields author should return error if not set 1`] = `
[
  {
    "column": 1,
    "line": 1,
    "message": ""author" must be set",
    "ruleId": "package-json-fields",
    "severity": 2,
  },
]
`;

exports[`fields bugs should return error if not set 1`] = `
[
  {
    "column": 1,
    "line": 1,
    "message": ""bugs" must be set",
    "ruleId": "package-json-fields",
    "severity": 2,
  },
]
`;

exports[`fields bugs should return error if not valid url 1`] = `
[
  {
    "column": 1,
    "line": 1,
    "message": ""bugs" must be a valid url (https only)",
    "ruleId": "package-json-fields",
    "severity": 2,
  },
]
`;

exports[`fields description should return error if empty 1`] = `
[
  {
    "column": 1,
    "line": 1,
    "message": ""description" must not be empty",
    "ruleId": "package-json-fields",
    "severity": 2,
  },
]
`;

exports[`fields description should return error if not set 1`] = `
[
  {
    "column": 1,
    "line": 1,
    "message": ""description" must be set",
    "ruleId": "package-json-fields",
    "severity": 2,
  },
]
`;

exports[`fields description should return error if not string 1`] = `
[
  {
    "column": 1,
    "line": 1,
    "message": ""description" must be string",
    "ruleId": "package-json-fields",
    "severity": 2,
  },
]
`;

exports[`fields homepage should return error if not set 1`] = `
[
  {
    "column": 1,
    "line": 1,
    "message": ""homepage" must be set",
    "ruleId": "package-json-fields",
    "severity": 2,
  },
]
`;

exports[`fields homepage should return error if not string 1`] = `
[
  {
    "column": 1,
    "line": 1,
    "message": ""homepage" must be string",
    "ruleId": "package-json-fields",
    "severity": 2,
  },
]
`;

exports[`fields homepage should return error if not valid url 1`] = `
[
  {
    "column": 1,
    "line": 1,
    "message": ""homepage" must be a valid url (https only)",
    "ruleId": "package-json-fields",
    "severity": 2,
  },
]
`;

exports[`fields keywords should return error if empty 1`] = `
[
  {
    "column": 1,
    "line": 1,
    "message": ""keywords" must not be empty",
    "ruleId": "package-json-fields",
    "severity": 2,
  },
]
`;

exports[`fields keywords should return error if items are empty 1`] = `
[
  {
    "column": 1,
    "line": 1,
    "message": ""keywords[0]" must not be empty",
    "ruleId": "package-json-fields",
    "severity": 2,
  },
]
`;

exports[`fields keywords should return error if not set 1`] = `
[
  {
    "column": 1,
    "line": 1,
    "message": ""keywords" must be set",
    "ruleId": "package-json-fields",
    "severity": 2,
  },
]
`;

exports[`fields keywords should return error if not string 1`] = `
[
  {
    "column": 1,
    "line": 1,
    "message": ""keywords" must be array",
    "ruleId": "package-json-fields",
    "severity": 2,
  },
]
`;

exports[`fields license should return error if empty 1`] = `
[
  {
    "column": 1,
    "line": 1,
    "message": ""license" must not be empty",
    "ruleId": "package-json-fields",
    "severity": 2,
  },
]
`;

exports[`fields license should return error if not set 1`] = `
[
  {
    "column": 1,
    "line": 1,
    "message": ""license" must be set",
    "ruleId": "package-json-fields",
    "severity": 2,
  },
]
`;

exports[`fields license should return error if not string 1`] = `
[
  {
    "column": 1,
    "line": 1,
    "message": ""license" must be string",
    "ruleId": "package-json-fields",
    "severity": 2,
  },
]
`;

exports[`fields repository should return error if not set 1`] = `
[
  {
    "column": 1,
    "line": 1,
    "message": ""repository" must be set",
    "ruleId": "package-json-fields",
    "severity": 2,
  },
]
`;

exports[`fields repository should return error if not valid url 1`] = `
[
  {
    "column": 1,
    "line": 1,
    "message": ""repository" must be a valid url (https only)",
    "ruleId": "package-json-fields",
    "severity": 2,
  },
]
`;

exports[`should return engines.node supports eol version 1`] = `
[
  {
    "column": 1,
    "line": 1,
    "message": "engines.node is satisfied by Node 8 (EOL since 2019-12-31)",
    "ruleId": "outdated-engines",
    "severity": 2,
  },
]
`;
